PowerPlay Power Analyzer report for lab5_multiplier
Wed Feb 21 22:16:37 2018
Quartus II 64-Bit Version 15.0.0 Build 145 04/22/2015 SJ Web Edition


---------------------
; Table of Contents ;
---------------------
  1. Legal Notice
  2. PowerPlay Power Analyzer Summary
  3. PowerPlay Power Analyzer Settings
  4. Operating Conditions Used
  5. Thermal Power Dissipation by Block
  6. Thermal Power Dissipation by Block Type
  7. Thermal Power Dissipation by Hierarchy
  8. Core Dynamic Thermal Power Dissipation by Clock Domain
  9. Current Drawn from Voltage Supplies Summary
 10. VCCIO Supply Current Drawn by I/O Bank
 11. VCCIO Supply Current Drawn by Voltage
 12. Confidence Metric Details
 13. Signal Activities
 14. PowerPlay Power Analyzer Messages



----------------
; Legal Notice ;
----------------
Copyright (C) 1991-2015 Altera Corporation. All rights reserved.
Your use of Altera Corporation's design tools, logic functions 
and other software and tools, and its AMPP partner logic 
functions, and any output files from any of the foregoing 
(including device programming or simulation files), and any 
associated documentation or information are expressly subject 
to the terms and conditions of the Altera Program License 
Subscription Agreement, the Altera Quartus II License Agreement,
the Altera MegaCore Function License Agreement, or other 
applicable license agreement, including, without limitation, 
that your use is for the sole purpose of programming logic 
devices manufactured by Altera and sold by Altera or its 
authorized distributors.  Please refer to the applicable 
agreement for further details.



+-------------------------------------------------------------------------------------------+
; PowerPlay Power Analyzer Summary                                                          ;
+----------------------------------------+--------------------------------------------------+
; PowerPlay Power Analyzer Status        ; Successful - Wed Feb 21 22:16:37 2018            ;
; Quartus II 64-Bit Version              ; 15.0.0 Build 145 04/22/2015 SJ Web Edition       ;
; Revision Name                          ; lab5_multiplier                                  ;
; Top-level Entity Name                  ; lab5_multiplier                                  ;
; Family                                 ; Cyclone IV E                                     ;
; Device                                 ; EP4CE115F29C7                                    ;
; Power Models                           ; Final                                            ;
; Total Thermal Power Dissipation        ; 149.61 mW                                        ;
; Core Dynamic Thermal Power Dissipation ; 4.11 mW                                          ;
; Core Static Thermal Power Dissipation  ; 98.52 mW                                         ;
; I/O Thermal Power Dissipation          ; 46.98 mW                                         ;
; Power Estimation Confidence            ; Low: user provided insufficient toggle rate data ;
+----------------------------------------+--------------------------------------------------+


+------------------------------------------------------------------------------------------------------------------------------------+
; PowerPlay Power Analyzer Settings                                                                                                  ;
+----------------------------------------------------------------------------+---------------------------------------+---------------+
; Option                                                                     ; Setting                               ; Default Value ;
+----------------------------------------------------------------------------+---------------------------------------+---------------+
; Use smart compilation                                                      ; Off                                   ; Off           ;
; Enable parallel Assembler and TimeQuest Timing Analyzer during compilation ; On                                    ; On            ;
; Enable compact report table                                                ; Off                                   ; Off           ;
; Default Power Input I/O Toggle Rate                                        ; 12.5%                                 ; 12.5%         ;
; Preset Cooling Solution                                                    ; 23 MM HEAT SINK WITH 200 LFPM AIRFLOW ;               ;
; Board thermal model                                                        ; None (CONSERVATIVE)                   ;               ;
; Default Power Toggle Rate                                                  ; 12.5%                                 ; 12.5%         ;
; Use vectorless estimation                                                  ; On                                    ; On            ;
; Use Input Files                                                            ; Off                                   ; Off           ;
; Filter Glitches in VCD File Reader                                         ; On                                    ; On            ;
; Power Analyzer Report Signal Activity                                      ; Off                                   ; Off           ;
; Power Analyzer Report Power Dissipation                                    ; Off                                   ; Off           ;
; Device Power Characteristics                                               ; TYPICAL                               ; TYPICAL       ;
; Automatically Compute Junction Temperature                                 ; On                                    ; On            ;
; Specified Junction Temperature                                             ; 25                                    ; 25            ;
; Ambient Temperature                                                        ; 25                                    ; 25            ;
; Use Custom Cooling Solution                                                ; Off                                   ; Off           ;
; Board Temperature                                                          ; 25                                    ; 25            ;
+----------------------------------------------------------------------------+---------------------------------------+---------------+


+-------------------------------------------------------------------------+
; Operating Conditions Used                                               ;
+---------------------------------------------+---------------------------+
; Setting                                     ; Value                     ;
+---------------------------------------------+---------------------------+
; Device power characteristics                ; Typical                   ;
;                                             ;                           ;
; Voltages                                    ;                           ;
;     VCCINT                                  ; 1.20 V                    ;
;     VCCA                                    ; 2.50 V                    ;
;     VCCD                                    ; 1.20 V                    ;
;     2.5 V I/O Standard                      ; 2.5 V                     ;
;                                             ;                           ;
; Auto computed junction temperature          ; 26.0 degrees Celsius      ;
;     Ambient temperature                     ; 25.0 degrees Celsius      ;
;     Junction-to-Case thermal resistance     ; 3.90 degrees Celsius/Watt ;
;     Case-to-Heat Sink thermal resistance    ; 0.10 degrees Celsius/Watt ;
;     Heat Sink-to-Ambient thermal resistance ; 2.50 degrees Celsius/Watt ;
;                                             ;                           ;
; Board model used                            ; None                      ;
+---------------------------------------------+---------------------------+


+----------------------------------------------------------------------------------------------------------------------------------------------+
; Thermal Power Dissipation by Block                                                                                                           ;
+------------+------------+---------------------+-----------------------------+--------------------------------+-------------------------------+
; Block Name ; Block Type ; Total Thermal Power ; Block Thermal Dynamic Power ; Block Thermal Static Power (1) ; Routing Thermal Dynamic Power ;
+------------+------------+---------------------+-----------------------------+--------------------------------+-------------------------------+
(1) The "Thermal Power Dissipation by Block" Table has been hidden. To show this table, please select the "Write power dissipation by block to report file" option under "PowerPlay Power Analyzer Settings".


+--------------------------------------------------------------------------------------------------------------------------------------------------------------------------------------------------------------------+
; Thermal Power Dissipation by Block Type                                                                                                                                                                            ;
+---------------------+-----------------------------------+-----------------------------+--------------------------------+-------------------------------+-----------------------------------------------------------+
; Block Type          ; Total Thermal Power by Block Type ; Block Thermal Dynamic Power ; Block Thermal Static Power (1) ; Routing Thermal Dynamic Power ; Block Average Toggle Rate (millions of transitions / sec) ;
+---------------------+-----------------------------------+-----------------------------+--------------------------------+-------------------------------+-----------------------------------------------------------+
; Combinational cell  ; 0.21 mW                           ; 0.11 mW                     ; --                             ; 0.10 mW                       ;    2.820                                                  ;
; Clock control block ; 3.53 mW                           ; 0.00 mW                     ; --                             ; 3.53 mW                       ;  100.000                                                  ;
; Register cell       ; 0.33 mW                           ; 0.26 mW                     ; --                             ; 0.08 mW                       ;    6.250                                                  ;
; I/O register        ; 0.70 mW                           ; 0.70 mW                     ; --                             ; 0.00 mW                       ;    6.250                                                  ;
; I/O                 ; 16.33 mW                          ; 2.01 mW                     ; 14.27 mW                       ; 0.04 mW                       ;    5.010                                                  ;
+---------------------+-----------------------------------+-----------------------------+--------------------------------+-------------------------------+-----------------------------------------------------------+
(1) The "Block Thermal Static Power" for all block types except Pins and the Voltage Regulator, if one exists, is part of the "Core Static Thermal Power Dissipation" value found on the PowerPlay Power Analyzer-->Summary report panel. The "Core Static Thermal Power Dissipation" also contains the thermal static power dissipated by the routing.


+-----------------------------------------------------------------------------------------------------------------------------------------------------------------------------------------------------------------------------------------------------------+
; Thermal Power Dissipation by Hierarchy                                                                                                                                                                                                                    ;
+-------------------------------------+--------------------------------------+---------------------------------+-----------------------------------+-----------------------------------+--------------------------------------------------------------------+
; Compilation Hierarchy Node          ; Total Thermal Power by Hierarchy (1) ; Block Thermal Dynamic Power (1) ; Block Thermal Static Power (1)(2) ; Routing Thermal Dynamic Power (1) ; Full Hierarchy Name                                                ;
+-------------------------------------+--------------------------------------+---------------------------------+-----------------------------------+-----------------------------------+--------------------------------------------------------------------+
; |lab5_multiplier                    ; 21.09 mW (19.85 mW)                  ; 3.07 mW (2.01 mW)               ; 14.27 mW (14.27 mW)               ; 3.75 mW (3.57 mW)                 ; |lab5_multiplier                                                   ;
;     |HexDriver:AhexL_inst           ; 0.01 mW (0.01 mW)                    ; 0.01 mW (0.01 mW)               ; --                                ; 0.00 mW (0.00 mW)                 ; |lab5_multiplier|HexDriver:AhexL_inst                              ;
;     |HexDriver:AhexU_inst           ; 0.02 mW (0.02 mW)                    ; 0.01 mW (0.01 mW)               ; --                                ; 0.01 mW (0.01 mW)                 ; |lab5_multiplier|HexDriver:AhexU_inst                              ;
;     |HexDriver:Bhex1_inst           ; 0.02 mW (0.02 mW)                    ; 0.01 mW (0.01 mW)               ; --                                ; 0.01 mW (0.01 mW)                 ; |lab5_multiplier|HexDriver:Bhex1_inst                              ;
;     |HexDriver:BhexL_inst           ; 0.04 mW (0.04 mW)                    ; 0.01 mW (0.01 mW)               ; --                                ; 0.03 mW (0.03 mW)                 ; |lab5_multiplier|HexDriver:BhexL_inst                              ;
;     |HexDriver:BhexU_inst           ; 0.01 mW (0.01 mW)                    ; 0.01 mW (0.01 mW)               ; --                                ; 0.00 mW (0.00 mW)                 ; |lab5_multiplier|HexDriver:BhexU_inst                              ;
;     |sync:Din_sync[0]               ; 0.01 mW (0.01 mW)                    ; 0.01 mW (0.01 mW)               ; --                                ; 0.00 mW (0.00 mW)                 ; |lab5_multiplier|sync:Din_sync[0]                                  ;
;     |sync:Din_sync[1]               ; 0.01 mW (0.01 mW)                    ; 0.01 mW (0.01 mW)               ; --                                ; 0.00 mW (0.00 mW)                 ; |lab5_multiplier|sync:Din_sync[1]                                  ;
;     |sync:Din_sync[2]               ; 0.01 mW (0.01 mW)                    ; 0.01 mW (0.01 mW)               ; --                                ; 0.00 mW (0.00 mW)                 ; |lab5_multiplier|sync:Din_sync[2]                                  ;
;     |sync:Din_sync[3]               ; 0.01 mW (0.01 mW)                    ; 0.01 mW (0.01 mW)               ; --                                ; 0.00 mW (0.00 mW)                 ; |lab5_multiplier|sync:Din_sync[3]                                  ;
;     |sync:Din_sync[4]               ; 0.01 mW (0.01 mW)                    ; 0.01 mW (0.01 mW)               ; --                                ; 0.00 mW (0.00 mW)                 ; |lab5_multiplier|sync:Din_sync[4]                                  ;
;     |sync:Din_sync[5]               ; 0.01 mW (0.01 mW)                    ; 0.01 mW (0.01 mW)               ; --                                ; 0.00 mW (0.00 mW)                 ; |lab5_multiplier|sync:Din_sync[5]                                  ;
;     |sync:Din_sync[6]               ; 0.01 mW (0.01 mW)                    ; 0.01 mW (0.01 mW)               ; --                                ; 0.00 mW (0.00 mW)                 ; |lab5_multiplier|sync:Din_sync[6]                                  ;
;     |sync:Din_sync[7]               ; 0.01 mW (0.01 mW)                    ; 0.00 mW (0.00 mW)               ; --                                ; 0.00 mW (0.00 mW)                 ; |lab5_multiplier|sync:Din_sync[7]                                  ;
;     |ADD_SUB9:adder                 ; 0.02 mW (0.00 mW)                    ; 0.02 mW (0.00 mW)               ; --                                ; 0.01 mW (0.00 mW)                 ; |lab5_multiplier|ADD_SUB9:adder                                    ;
;         |full_adder:FA4             ; 0.00 mW (0.00 mW)                    ; 0.00 mW (0.00 mW)               ; --                                ; 0.00 mW (0.00 mW)                 ; |lab5_multiplier|ADD_SUB9:adder|full_adder:FA4                     ;
;         |four_bit_adder:FBA0        ; 0.01 mW (0.00 mW)                    ; 0.01 mW (0.00 mW)               ; --                                ; 0.00 mW (0.00 mW)                 ; |lab5_multiplier|ADD_SUB9:adder|four_bit_adder:FBA0                ;
;             |full_adder:FA0         ; 0.00 mW (0.00 mW)                    ; 0.00 mW (0.00 mW)               ; --                                ; 0.00 mW (0.00 mW)                 ; |lab5_multiplier|ADD_SUB9:adder|four_bit_adder:FBA0|full_adder:FA0 ;
;             |full_adder:FA1         ; 0.00 mW (0.00 mW)                    ; 0.00 mW (0.00 mW)               ; --                                ; 0.00 mW (0.00 mW)                 ; |lab5_multiplier|ADD_SUB9:adder|four_bit_adder:FBA0|full_adder:FA1 ;
;             |full_adder:FA2         ; 0.00 mW (0.00 mW)                    ; 0.00 mW (0.00 mW)               ; --                                ; 0.00 mW (0.00 mW)                 ; |lab5_multiplier|ADD_SUB9:adder|four_bit_adder:FBA0|full_adder:FA2 ;
;             |full_adder:FA3         ; 0.00 mW (0.00 mW)                    ; 0.00 mW (0.00 mW)               ; --                                ; 0.00 mW (0.00 mW)                 ; |lab5_multiplier|ADD_SUB9:adder|four_bit_adder:FBA0|full_adder:FA3 ;
;         |four_bit_adder:FBA1        ; 0.01 mW (0.00 mW)                    ; 0.01 mW (0.00 mW)               ; --                                ; 0.00 mW (0.00 mW)                 ; |lab5_multiplier|ADD_SUB9:adder|four_bit_adder:FBA1                ;
;             |full_adder:FA0         ; 0.00 mW (0.00 mW)                    ; 0.00 mW (0.00 mW)               ; --                                ; 0.00 mW (0.00 mW)                 ; |lab5_multiplier|ADD_SUB9:adder|four_bit_adder:FBA1|full_adder:FA0 ;
;             |full_adder:FA1         ; 0.00 mW (0.00 mW)                    ; 0.00 mW (0.00 mW)               ; --                                ; 0.00 mW (0.00 mW)                 ; |lab5_multiplier|ADD_SUB9:adder|four_bit_adder:FBA1|full_adder:FA1 ;
;             |full_adder:FA2         ; 0.00 mW (0.00 mW)                    ; 0.00 mW (0.00 mW)               ; --                                ; 0.00 mW (0.00 mW)                 ; |lab5_multiplier|ADD_SUB9:adder|four_bit_adder:FBA1|full_adder:FA2 ;
;             |full_adder:FA3         ; 0.00 mW (0.00 mW)                    ; 0.00 mW (0.00 mW)               ; --                                ; 0.00 mW (0.00 mW)                 ; |lab5_multiplier|ADD_SUB9:adder|four_bit_adder:FBA1|full_adder:FA3 ;
;     |hard_block:auto_generated_inst ; 0.00 mW (0.00 mW)                    ; 0.00 mW (0.00 mW)               ; --                                ; 0.00 mW (0.00 mW)                 ; |lab5_multiplier|hard_block:auto_generated_inst                    ;
;     |sync:button_sync[0]            ; 0.02 mW (0.02 mW)                    ; 0.01 mW (0.01 mW)               ; --                                ; 0.00 mW (0.00 mW)                 ; |lab5_multiplier|sync:button_sync[0]                               ;
;     |sync:button_sync[1]            ; 0.02 mW (0.02 mW)                    ; 0.01 mW (0.01 mW)               ; --                                ; 0.00 mW (0.00 mW)                 ; |lab5_multiplier|sync:button_sync[1]                               ;
;     |sync:button_sync[2]            ; 0.01 mW (0.01 mW)                    ; 0.00 mW (0.00 mW)               ; --                                ; 0.00 mW (0.00 mW)                 ; |lab5_multiplier|sync:button_sync[2]                               ;
;     |control:control_unit           ; 0.10 mW (0.10 mW)                    ; 0.07 mW (0.07 mW)               ; --                                ; 0.04 mW (0.04 mW)                 ; |lab5_multiplier|control:control_unit                              ;
;     |register_unit:registers        ; 0.88 mW (0.08 mW)                    ; 0.83 mW (0.07 mW)               ; --                                ; 0.05 mW (0.02 mW)                 ; |lab5_multiplier|register_unit:registers                           ;
;         |reg_8:reg_A                ; 0.40 mW (0.40 mW)                    ; 0.38 mW (0.38 mW)               ; --                                ; 0.02 mW (0.02 mW)                 ; |lab5_multiplier|register_unit:registers|reg_8:reg_A               ;
;         |reg_8:reg_B                ; 0.40 mW (0.40 mW)                    ; 0.38 mW (0.38 mW)               ; --                                ; 0.02 mW (0.02 mW)                 ; |lab5_multiplier|register_unit:registers|reg_8:reg_B               ;
+-------------------------------------+--------------------------------------+---------------------------------+-----------------------------------+-----------------------------------+--------------------------------------------------------------------+
(1) Value in parentheses is the power consumed at that level of hierarchy. Value not in parentheses is the power consumed at that level of hierarchy plus the power consumed by all levels of hierarchy below it.

(2) The "Block Thermal Static Power" for all levels of hierarchy except the top-level hierarchy is part of the "Core Static Thermal Power Dissipation" value found on the PowerPlay Power Analyzer-->Summary report panel. The "Core Static Thermal Power Dissipation" also contains the thermal static power dissipated by the routing.


+-----------------------------------------------------------------+
; Core Dynamic Thermal Power Dissipation by Clock Domain          ;
+--------------+-----------------------+--------------------------+
; Clock Domain ; Clock Frequency (MHz) ; Total Core Dynamic Power ;
+--------------+-----------------------+--------------------------+
; Clk          ; 50.00                 ; 4.81                     ;
+--------------+-----------------------+--------------------------+


+------------------------------------------------------------------------------------------------------------------------------------+
; Current Drawn from Voltage Supplies Summary                                                                                        ;
+----------------+-------------------------+---------------------------+--------------------------+----------------------------------+
; Voltage Supply ; Total Current Drawn (1) ; Dynamic Current Drawn (1) ; Static Current Drawn (1) ; Minimum Power Supply Current (2) ;
+----------------+-------------------------+---------------------------+--------------------------+----------------------------------+
; VCCINT         ; 22.11 mA                ; 4.32 mA                   ; 17.79 mA                 ; 22.11 mA                         ;
; VCCIO          ; 12.90 mA                ; 0.63 mA                   ; 12.27 mA                 ; 12.90 mA                         ;
; VCCA           ; 35.01 mA                ; 0.00 mA                   ; 35.01 mA                 ; 35.01 mA                         ;
; VCCD           ; 2.72 mA                 ; 0.00 mA                   ; 2.72 mA                  ; 2.72 mA                          ;
+----------------+-------------------------+---------------------------+--------------------------+----------------------------------+
(1) Currents reported in columns "Total Current Drawn", "Dynamic Current Drawn", and "Static Current Drawn" are sufficient for user operation of the device.  
(2) Currents reported in column "Minimum Power Supply Current" are sufficient for power-up, configuration, and user operation of the device.


+-----------------------------------------------------------------------------------------------+
; VCCIO Supply Current Drawn by I/O Bank                                                        ;
+----------+---------------+---------------------+-----------------------+----------------------+
; I/O Bank ; VCCIO Voltage ; Total Current Drawn ; Dynamic Current Drawn ; Static Current Drawn ;
+----------+---------------+---------------------+-----------------------+----------------------+
; 1        ; 2.5V          ; 1.52 mA             ; 0.00 mA               ; 1.52 mA              ;
; 2        ; 2.5V          ; 1.53 mA             ; 0.03 mA               ; 1.50 mA              ;
; 3        ; 2.5V          ; 1.50 mA             ; 0.00 mA               ; 1.50 mA              ;
; 4        ; 2.5V          ; 1.63 mA             ; 0.08 mA               ; 1.55 mA              ;
; 5        ; 2.5V          ; 2.09 mA             ; 0.43 mA               ; 1.66 mA              ;
; 6        ; 2.5V          ; 1.57 mA             ; 0.04 mA               ; 1.53 mA              ;
; 7        ; 2.5V          ; 1.56 mA             ; 0.04 mA               ; 1.52 mA              ;
; 8        ; 2.5V          ; 1.50 mA             ; 0.00 mA               ; 1.50 mA              ;
+----------+---------------+---------------------+-----------------------+----------------------+


+-----------------------------------------------------------------------------------------------------------------------------------+
; VCCIO Supply Current Drawn by Voltage                                                                                             ;
+---------------+-------------------------+---------------------------+--------------------------+----------------------------------+
; VCCIO Voltage ; Total Current Drawn (1) ; Dynamic Current Drawn (1) ; Static Current Drawn (1) ; Minimum Power Supply Current (2) ;
+---------------+-------------------------+---------------------------+--------------------------+----------------------------------+
; 2.5V          ; 12.90 mA                ; 0.63 mA                   ; 12.27 mA                 ; 12.90 mA                         ;
+---------------+-------------------------+---------------------------+--------------------------+----------------------------------+
(1) Currents reported in columns "Total Current Drawn", "Dynamic Current Drawn", and "Static Current Drawn" are sufficient for user operation of the device.  
(2) Currents reported in column "Minimum Power Supply Current" are sufficient for power-up, configuration, and user operation of the device.


+-------------------------------------------------------------------------------------------------------------------------------------------------+
; Confidence Metric Details                                                                                                                       ;
+----------------------------------------------------------------------------------------+-------------+------------+-------------+---------------+
; Data Source                                                                            ; Total       ; Pin        ; Registered  ; Combinational ;
+----------------------------------------------------------------------------------------+-------------+------------+-------------+---------------+
; Simulation (from file)                                                                 ;             ;            ;             ;               ;
;     -- Number of signals with Toggle Rate from Simulation                              ; 0 (0.0%)    ; 0 (0.0%)   ; 0 (0.0%)    ; 0 (0.0%)      ;
;     -- Number of signals with Static Probability from Simulation                       ; 0 (0.0%)    ; 0 (0.0%)   ; 0 (0.0%)    ; 0 (0.0%)      ;
;                                                                                        ;             ;            ;             ;               ;
; Node, entity or clock assignment                                                       ;             ;            ;             ;               ;
;     -- Number of signals with Toggle Rate from Node, entity or clock assignment        ; 1 (0.3%)    ; 1 (1.4%)   ; 0 (0.0%)    ; 0 (0.0%)      ;
;     -- Number of signals with Static Probability from Node, entity or clock assignment ; 1 (0.3%)    ; 1 (1.4%)   ; 0 (0.0%)    ; 0 (0.0%)      ;
;                                                                                        ;             ;            ;             ;               ;
; Vectorless estimation                                                                  ;             ;            ;             ;               ;
;     -- Number of signals with Toggle Rate from Vectorless estimation                   ; 271 (94.8%) ; 54 (78.3%) ; 55 (100.0%) ; 162 (100.0%)  ;
;     -- Number of signals with Zero toggle rate, from Vectorless estimation             ; 4 (1.4%)    ; 2 (2.9%)   ; 0 (0.0%)    ; 2 (1.2%)      ;
;     -- Number of signals with Static Probability from Vectorless estimation            ; 271 (94.8%) ; 54 (78.3%) ; 55 (100.0%) ; 162 (100.0%)  ;
;                                                                                        ;             ;            ;             ;               ;
; Default assignment                                                                     ;             ;            ;             ;               ;
;     -- Number of signals with Toggle Rate from Default assignment                      ; 11 (3.8%)   ; 11 (15.9%) ; 0 (0.0%)    ; 0 (0.0%)      ;
;     -- Number of signals with Static Probability from Default assignment               ; 14 (4.9%)   ; 14 (20.3%) ; 0 (0.0%)    ; 0 (0.0%)      ;
;                                                                                        ;             ;            ;             ;               ;
; Assumed 0                                                                              ;             ;            ;             ;               ;
;     -- Number of signals with Toggle Rate assumed 0                                    ; 3 (1.0%)    ; 3 (4.3%)   ; 0 (0.0%)    ; 0 (0.0%)      ;
+----------------------------------------------------------------------------------------+-------------+------------+-------------+---------------+


+---------------------------------------------------------------------------------------------------------------------------------------------+
; Signal Activities                                                                                                                           ;
+--------+------+---------------------------------------------+-------------------------+--------------------+--------------------------------+
; Signal ; Type ; Toggle Rate (millions of transitions / sec) ; Toggle Rate Data Source ; Static Probability ; Static Probability Data Source ;
+--------+------+---------------------------------------------+-------------------------+--------------------+--------------------------------+
(1) The "Signal Activity" Table has been hidden. To show this table, please select the "Write signal activities to report file" option under "PowerPlay Power Analyzer Settings".


+-----------------------------------+
; PowerPlay Power Analyzer Messages ;
+-----------------------------------+
Info: *******************************************************************
Info: Running Quartus II 64-Bit PowerPlay Power Analyzer
    Info: Version 15.0.0 Build 145 04/22/2015 SJ Web Edition
    Info: Processing started: Wed Feb 21 22:16:25 2018
Info: Command: quartus_pow --read_settings_files=off --write_settings_files=off lab5_multiplier -c lab5_multiplier
Info (21077): Low junction temperature is 0 degrees C
Info (21077): High junction temperature is 85 degrees C
Info (332104): Reading SDC File: 'clock.sdc'
Critical Warning (332168): The following clock transfers have no clock uncertainty assignment. For more accurate results, apply clock uncertainty assignments or use the derive_clock_uncertainty command.
    Critical Warning (332169): From Clk (Rise) to Clk (Rise) (setup and hold)
Info (223000): Starting Vectorless Power Activity Estimation
Info (223001): Completed Vectorless Power Activity Estimation
Info (218000): Using Advanced I/O Power to simulate I/O buffers with the specified board trace model
Info (334003): Started post-fitting delay annotation
Info (334004): Delay annotation completed successfully
Info (215049): Average toggle rate for this design is 4.806 millions of transitions / sec
Info (215031): Total thermal power estimate for the design is 149.61 mW
Info: Quartus II 64-Bit PowerPlay Power Analyzer was successful. 0 errors, 2 warnings
    Info: Peak virtual memory: 809 megabytes
    Info: Processing ended: Wed Feb 21 22:16:38 2018
    Info: Elapsed time: 00:00:13
    Info: Total CPU time (on all processors): 00:00:12


